LOAD 'transaction_transients_trace';
-- Issue #7: rollback of an aborted transaction must not open catalogs
CREATE TEMP TABLE t(a int);
BEGIN;
DROP TABLE t;
SELECT 1/0;
ERROR:  division by zero
ROLLBACK;
SELECT current_setting('ttt.owns_session_objs'), to_regclass('pg_temp.t');
 current_setting | to_regclass 
-----------------+-------------
 on              | t
(1 row)

-- Clean rollback restores the temp table: the GUC must still say on
CREATE TEMP TABLE rt(a int);
BEGIN;
DROP TABLE rt;
ROLLBACK;
SELECT current_setting('ttt.owns_session_objs'), to_regclass('pg_temp.rt');
 current_setting | to_regclass 
-----------------+-------------
 on              | rt
(1 row)

DROP TABLE rt;
SELECT current_setting('ttt.owns_session_objs'), to_regclass('pg_temp.t'),
       to_regclass('pg_temp.rt');
 current_setting | to_regclass | to_regclass 
-----------------+-------------+-------------
 on              | t           | 
(1 row)

DROP TABLE t;
SELECT current_setting('ttt.owns_session_objs'), to_regclass('pg_temp.t'),
       to_regclass('pg_temp.rt');
 current_setting | to_regclass | to_regclass 
-----------------+-------------+-------------
 off             |             | 
(1 row)

