-- Test transaction_transients_trace module: the ttt.owns_session_objs GUC
-- should reflect whether the current session owns any temporary relations.
-- Initially the module is not loaded; the custom GUC is unknown and reads as
-- an empty/off value.  Load the module to install the hooks.
LOAD 'transaction_transients_trace';
-- No temp relations yet: GUC should be off.
SHOW ttt.owns_session_objs;
 ttt.owns_session_objs 
-----------------------
 off
(1 row)

-- Create a temp table.  The ProcessUtility hook recalculates and reports
-- the GUC right away.
CREATE TEMP TABLE z2();
SHOW ttt.owns_session_objs;
 ttt.owns_session_objs 
-----------------------
 on
(1 row)

-- Drop the temp table.
DROP TABLE z2;
SHOW ttt.owns_session_objs;
 ttt.owns_session_objs 
-----------------------
 off
(1 row)

-- Now test creating a temp table from within a PL/pgSQL function.  The
-- nested CREATE TEMP TABLE still goes through ProcessUtility.
CREATE FUNCTION make_temp() RETURNS void
LANGUAGE plpgsql AS $$
BEGIN
  CREATE TEMP TABLE z3();
END $$;
SELECT make_temp();
 make_temp 
-----------
 
(1 row)

SHOW ttt.owns_session_objs;
 ttt.owns_session_objs 
-----------------------
 on
(1 row)

DROP TABLE z3;
SHOW ttt.owns_session_objs;
 ttt.owns_session_objs 
-----------------------
 off
(1 row)

-- Cleanup.
DROP FUNCTION make_temp();
